[Licensing::Module] Trying to connect to existing licensing client channel...
Built from '6000.3/staging' branch; Version is '6000.3.11f1 (3000ef702840) revision 3145967'; Using compiler version '194234433'; Build Type 'Release'
[Licensing::IpcConnector] Successfully connected to: "LicenseClient-kjunw" at "2026-06-14T01:04:40.0565922Z"
OS: 'Windows 11  (10.0.26200) Professional' Language: 'ko' Physical Memory: 16163 MB
BatchMode: 1, IsHumanControllingUs: 0, StartBugReporterOnCrash: 0, Is64bit: 1
System  architecture: x64
Process architecture: x64
Date: 2026-06-14T01:04:40Z

COMMAND LINE ARGUMENTS:
C:\Program Files\Unity\Hub\Editor\6000.3.11f1\Editor\Unity.exe
-batchmode
-quit
-projectPath
C:\Users\kjunw\Unity\RealmCommander
-executeMethod
RealmCommander.Editor.GeneratedArtBinder.ApplyGeneratedCasualArt
-logFile
C:\Users\kjunw\Unity\RealmCommander\UnityGeneratedArt.log
Successfully changed project path to: C:\Users\kjunw\Unity\RealmCommander
C:/Users/kjunw/Unity/RealmCommander
Exiting without the bug reporter. Application will terminate with return code 1